Archive member included to satisfy reference by file (symbol)

c:/program files (x86)/gnu arm embedded toolchain/10 2021.10/bin/../lib/gcc/arm-none-eabi/10.3.1/../../../../arm-none-eabi/lib/thumb/v7-m/nofp\libc_nano.a(lib_a-errno.o)
                              Core/Src/syscalls.o (__errno)
c:/program files (x86)/gnu arm embedded toolchain/10 2021.10/bin/../lib/gcc/arm-none-eabi/10.3.1/../../../../arm-none-eabi/lib/thumb/v7-m/nofp\libc_nano.a(lib_a-exit.o)
                              c:/program files (x86)/gnu arm embedded toolchain/10 2021.10/bin/../lib/gcc/arm-none-eabi/10.3.1/../../../../arm-none-eabi/lib/thumb/v7-m/nofp/crt0.o (exit)
c:/program files (x86)/gnu arm embedded toolchain/10 2021.10/bin/../lib/gcc/arm-none-eabi/10.3.1/../../../../arm-none-eabi/lib/thumb/v7-m/nofp\libc_nano.a(lib_a-impure.o)
                              c:/program files (x86)/gnu arm embedded toolchain/10 2021.10/bin/../lib/gcc/arm-none-eabi/10.3.1/../../../../arm-none-eabi/lib/thumb/v7-m/nofp\libc_nano.a(lib_a-exit.o) (_global_impure_ptr)
c:/program files (x86)/gnu arm embedded toolchain/10 2021.10/bin/../lib/gcc/arm-none-eabi/10.3.1/../../../../arm-none-eabi/lib/thumb/v7-m/nofp\libc_nano.a(lib_a-init.o)
                              c:/program files (x86)/gnu arm embedded toolchain/10 2021.10/bin/../lib/gcc/arm-none-eabi/10.3.1/../../../../arm-none-eabi/lib/thumb/v7-m/nofp/crt0.o (__libc_init_array)
c:/program files (x86)/gnu arm embedded toolchain/10 2021.10/bin/../lib/gcc/arm-none-eabi/10.3.1/../../../../arm-none-eabi/lib/thumb/v7-m/nofp\libc_nano.a(lib_a-memset.o)
                              c:/program files (x86)/gnu arm embedded toolchain/10 2021.10/bin/../lib/gcc/arm-none-eabi/10.3.1/../../../../arm-none-eabi/lib/thumb/v7-m/nofp/crt0.o (memset)

Discarded input sections

 .text          0x00000000        0x0 c:/program files (x86)/gnu arm embedded toolchain/10 2021.10/bin/../lib/gcc/arm-none-eabi/10.3.1/thumb/v7-m/nofp/crti.o
 .data          0x00000000        0x0 c:/program files (x86)/gnu arm embedded toolchain/10 2021.10/bin/../lib/gcc/arm-none-eabi/10.3.1/thumb/v7-m/nofp/crti.o
 .bss           0x00000000        0x0 c:/program files (x86)/gnu arm embedded toolchain/10 2021.10/bin/../lib/gcc/arm-none-eabi/10.3.1/thumb/v7-m/nofp/crti.o
 .data          0x00000000        0x4 c:/program files (x86)/gnu arm embedded toolchain/10 2021.10/bin/../lib/gcc/arm-none-eabi/10.3.1/thumb/v7-m/nofp/crtbegin.o
 .rodata        0x00000000       0x24 c:/program files (x86)/gnu arm embedded toolchain/10 2021.10/bin/../lib/gcc/arm-none-eabi/10.3.1/thumb/v7-m/nofp/crtbegin.o
 .text          0x00000000       0x7c c:/program files (x86)/gnu arm embedded toolchain/10 2021.10/bin/../lib/gcc/arm-none-eabi/10.3.1/../../../../arm-none-eabi/lib/thumb/v7-m/nofp/crt0.o
 .data          0x00000000        0x0 c:/program files (x86)/gnu arm embedded toolchain/10 2021.10/bin/../lib/gcc/arm-none-eabi/10.3.1/../../../../arm-none-eabi/lib/thumb/v7-m/nofp/crt0.o
 .bss           0x00000000        0x0 c:/program files (x86)/gnu arm embedded toolchain/10 2021.10/bin/../lib/gcc/arm-none-eabi/10.3.1/../../../../arm-none-eabi/lib/thumb/v7-m/nofp/crt0.o
 .ARM.extab     0x00000000        0x0 c:/program files (x86)/gnu arm embedded toolchain/10 2021.10/bin/../lib/gcc/arm-none-eabi/10.3.1/../../../../arm-none-eabi/lib/thumb/v7-m/nofp/crt0.o
 .ARM.exidx     0x00000000       0x10 c:/program files (x86)/gnu arm embedded toolchain/10 2021.10/bin/../lib/gcc/arm-none-eabi/10.3.1/../../../../arm-none-eabi/lib/thumb/v7-m/nofp/crt0.o
 .ARM.attributes
                0x00000000       0x1b c:/program files (x86)/gnu arm embedded toolchain/10 2021.10/bin/../lib/gcc/arm-none-eabi/10.3.1/../../../../arm-none-eabi/lib/thumb/v7-m/nofp/crt0.o
 .group         0x00000000        0xc Core/Src/main.o
 .group         0x00000000        0xc Core/Src/main.o
 .group         0x00000000        0xc Core/Src/main.o
 .group         0x00000000        0xc Core/Src/main.o
 .group         0x00000000        0xc Core/Src/main.o
 .group         0x00000000        0xc Core/Src/main.o
 .group         0x00000000        0xc Core/Src/main.o
 .group         0x00000000        0xc Core/Src/main.o
 .group         0x00000000        0xc Core/Src/main.o
 .group         0x00000000        0xc Core/Src/main.o
 .group         0x00000000        0xc Core/Src/main.o
 .group         0x00000000        0xc Core/Src/main.o
 .group         0x00000000        0xc Core/Src/main.o
 .group         0x00000000        0xc Core/Src/main.o
 .group         0x00000000        0xc Core/Src/main.o
 .group         0x00000000        0xc Core/Src/main.o
 .group         0x00000000        0xc Core/Src/main.o
 .group         0x00000000        0xc Core/Src/main.o
 .group         0x00000000        0xc Core/Src/main.o
 .group         0x00000000        0xc Core/Src/main.o
 .group         0x00000000        0xc Core/Src/main.o
 .group         0x00000000        0xc Core/Src/main.o
 .group         0x00000000        0xc Core/Src/main.o
[...]
Memory Configuration

Name             Origin             Length             Attributes
RAM              0x20000000         0x00005000         xrw
FLASH            0x08000000         0x00010000         xr
*default*        0x00000000         0xffffffff

Linker script and memory map

LOAD c:/program files (x86)/gnu arm embedded toolchain/10 2021.10/bin/../lib/gcc/arm-none-eabi/10.3.1/thumb/v7-m/nofp/crti.o
LOAD c:/program files (x86)/gnu arm embedded toolchain/10 2021.10/bin/../lib/gcc/arm-none-eabi/10.3.1/thumb/v7-m/nofp/crtbegin.o
LOAD c:/program files (x86)/gnu arm embedded toolchain/10 2021.10/bin/../lib/gcc/arm-none-eabi/10.3.1/../../../../arm-none-eabi/lib/thumb/v7-m/nofp/crt0.o
LOAD Core/Src/main.o
LOAD Core/Src/stm32f1xx_hal_msp.o
LOAD Core/Src/stm32f1xx_it.o
LOAD Core/Src/syscalls.o
LOAD Core/Src/sysmem.o
LOAD Core/Src/system_stm32f1xx.o
LOAD Core/Startup/startup_stm32f103c8tx.o
LOAD Drivers/STM32F1xx_HAL_Driver/Src/stm32f1xx_hal.o
LOAD Drivers/STM32F1xx_HAL_Driver/Src/stm32f1xx_hal_adc.o
LOAD Drivers/STM32F1xx_HAL_Driver/Src/stm32f1xx_hal_adc_ex.o
LOAD Drivers/STM32F1xx_HAL_Driver/Src/stm32f1xx_hal_cortex.o
LOAD Drivers/STM32F1xx_HAL_Driver/Src/stm32f1xx_hal_dma.o
LOAD Drivers/STM32F1xx_HAL_Driver/Src/stm32f1xx_hal_exti.o
LOAD Drivers/STM32F1xx_HAL_Driver/Src/stm32f1xx_hal_flash.o
LOAD Drivers/STM32F1xx_HAL_Driver/Src/stm32f1xx_hal_flash_ex.o
LOAD Drivers/STM32F1xx_HAL_Driver/Src/stm32f1xx_hal_gpio.o
LOAD Drivers/STM32F1xx_HAL_Driver/Src/stm32f1xx_hal_gpio_ex.o
LOAD Drivers/STM32F1xx_HAL_Driver/Src/stm32f1xx_hal_pwr.o
LOAD Drivers/STM32F1xx_HAL_Driver/Src/stm32f1xx_hal_rcc.o
LOAD Drivers/STM32F1xx_HAL_Driver/Src/stm32f1xx_hal_rcc_ex.o
LOAD Drivers/STM32F1xx_HAL_Driver/Src/stm32f1xx_hal_tim.o
LOAD Drivers/STM32F1xx_HAL_Driver/Src/stm32f1xx_hal_tim_ex.o
START GROUP
LOAD c:/program files (x86)/gnu arm embedded toolchain/10 2021.10/bin/../lib/gcc/arm-none-eabi/10.3.1/../../../../arm-none-eabi/lib/thumb/v7-m/nofp\libc_nano.a
LOAD c:/program files (x86)/gnu arm embedded toolchain/10 2021.10/bin/../lib/gcc/arm-none-eabi/10.3.1/../../../../arm-none-eabi/lib/thumb/v7-m/nofp\libm.a
END GROUP
START GROUP
LOAD c:/program files (x86)/gnu arm embedded toolchain/10 2021.10/bin/../lib/gcc/arm-none-eabi/10.3.1/thumb/v7-m/nofp\libgcc.a
LOAD c:/program files (x86)/gnu arm embedded toolchain/10 2021.10/bin/../lib/gcc/arm-none-eabi/10.3.1/../../../../arm-none-eabi/lib/thumb/v7-m/nofp\libc_nano.a
END GROUP
START GROUP
LOAD c:/program files (x86)/gnu arm embedded toolchain/10 2021.10/bin/../lib/gcc/arm-none-eabi/10.3.1/thumb/v7-m/nofp\libgcc.a
LOAD c:/program files (x86)/gnu arm embedded toolchain/10 2021.10/bin/../lib/gcc/arm-none-eabi/10.3.1/../../../../arm-none-eabi/lib/thumb/v7-m/nofp\libc_nano.a
LOAD c:/program files (x86)/gnu arm embedded toolchain/10 2021.10/bin/../lib/gcc/arm-none-eabi/10.3.1/../../../../arm-none-eabi/lib/thumb/v7-m/nofp\libnosys.a
END GROUP
START GROUP
LOAD c:/program files (x86)/gnu arm embedded toolchain/10 2021.10/bin/../lib/gcc/arm-none-eabi/10.3.1/thumb/v7-m/nofp\libgcc.a
LOAD c:/program files (x86)/gnu arm embedded toolchain/10 2021.10/bin/../lib/gcc/arm-none-eabi/10.3.1/../../../../arm-none-eabi/lib/thumb/v7-m/nofp\libc_nano.a
LOAD c:/program files (x86)/gnu arm embedded toolchain/10 2021.10/bin/../lib/gcc/arm-none-eabi/10.3.1/../../../../arm-none-eabi/lib/thumb/v7-m/nofp\libnosys.a
END GROUP
LOAD c:/program files (x86)/gnu arm embedded toolchain/10 2021.10/bin/../lib/gcc/arm-none-eabi/10.3.1/thumb/v7-m/nofp/crtend.o
LOAD c:/program files (x86)/gnu arm embedded toolchain/10 2021.10/bin/../lib/gcc/arm-none-eabi/10.3.1/thumb/v7-m/nofp/crtn.o
                0x20005000                _estack = (ORIGIN (RAM) + LENGTH (RAM))
                0x00000200                _Min_Heap_Size = 0x200
                0x00000400                _Min_Stack_Size = 0x400

.isr_vector     0x08000000      0x10c
                0x08000000                . = ALIGN (0x4)
 *(.isr_vector)
 .isr_vector    0x08000000      0x10c Core/Startup/startup_stm32f103c8tx.o
                0x08000000                g_pfnVectors
                0x0800010c                . = ALIGN (0x4)

.text           0x0800010c     0x2c48
                0x0800010c                . = ALIGN (0x4)
 *(.text)
 .text          0x0800010c       0x40 c:/program files (x86)/gnu arm embedded toolchain/10 2021.10/bin/../lib/gcc/arm-none-eabi/10.3.1/thumb/v7-m/nofp/crtbegin.o
 *(.text*)
 .text.main     0x0800014c       0xac Core/Src/main.o
                0x0800014c                main
 .text.SysTick_Handler
                0x080001f8       0xdc Core/Src/main.o
                0x080001f8                SysTick_Handler
 .text.SystemClock_Config
                0x080002d4       0x9e Core/Src/main.o
                0x080002d4                SystemClock_Config
 *fill*         0x08000372        0x2 
 .text.MX_ADC1_Init
                0x08000374       0x7c Core/Src/main.o
 .text.MX_TIM2_Init
                0x080003f0       0xec Core/Src/main.o
 .text.MX_GPIO_Init
                0x080004dc       0xe4 Core/Src/main.o
 .text.Error_Handler
                0x080005c0        0xa Core/Src/main.o
                0x080005c0                Error_Handler
 *fill*         0x080005ca        0x2 
 .text.HAL_MspInit
                0x080005cc       0x64 Core/Src/stm32f1xx_hal_msp.o
                0x080005cc                HAL_MspInit
 .text.HAL_ADC_MspInit
                0x08000630       0x78 Core/Src/stm32f1xx_hal_msp.o
                0x08000630                HAL_ADC_MspInit
 .text.HAL_TIM_Base_MspInit
                0x080006a8       0x38 Core/Src/stm32f1xx_hal_msp.o
                0x080006a8                HAL_TIM_Base_MspInit
 .text.HAL_TIM_MspPostInit
                0x080006e0       0x88 Core/Src/stm32f1xx_hal_msp.o
                0x080006e0                HAL_TIM_MspPostInit
 .text.NMI_Handler
                0x08000768        0x6 Core/Src/stm32f1xx_it.o
                0x08000768                NMI_Handler
 .text.HardFault_Handler
                0x0800076e        0x6 Core/Src/stm32f1xx_it.o
                0x0800076e                HardFault_Handler
 .text.MemManage_Handler
                0x08000774        0x6 Core/Src/stm32f1xx_it.o
                0x08000774                MemManage_Handler
 .text.BusFault_Handler
                0x0800077a        0x6 Core/Src/stm32f1xx_it.o
                0x0800077a                BusFault_Handler
 .text.UsageFault_Handler
                0x08000780        0x6 Core/Src/stm32f1xx_it.o
                0x08000780                UsageFault_Handler
 .text.SVC_Handler
                0x08000786        0xc Core/Src/stm32f1xx_it.o
                0x08000786                SVC_Handler
 .text.DebugMon_Handler
                0x08000792        0xc Core/Src/stm32f1xx_it.o
                0x08000792                DebugMon_Handler
 .text.PendSV_Handler
                0x0800079e        0xc Core/Src/stm32f1xx_it.o
                0x0800079e                PendSV_Handler
 .text.SystemInit
                0x080007aa        0xc Core/Src/system_stm32f1xx.o
                0x080007aa                SystemInit
 *fill*         0x080007b6        0x2 
 .text.Reset_Handler
                0x080007b8       0x48 Core/Startup/startup_stm32f103c8tx.o
                0x080007b8                Reset_Handler
 .text.Default_Handler
                0x08000800        0x2 Core/Startup/startup_stm32f103c8tx.o
                0x08000800                RTC_Alarm_IRQHandler
                0x08000800                EXTI2_IRQHandler
                0x08000800                TIM1_CC_IRQHandler
                0x08000800                PVD_IRQHandler
                0x08000800                EXTI3_IRQHandler
                0x08000800                EXTI0_IRQHandler
                0x08000800                I2C2_EV_IRQHandler
                0x08000800                ADC1_2_IRQHandler
                0x08000800                SPI1_IRQHandler
                0x08000800                TAMPER_IRQHandler
                0x08000800                DMA1_Channel4_IRQHandler
                0x08000800                USART3_IRQHandler
                0x08000800                RTC_IRQHandler
                0x08000800                DMA1_Channel7_IRQHandler
                0x08000800                CAN1_RX1_IRQHandler
                0x08000800                TIM4_IRQHandler
                0x08000800                I2C1_EV_IRQHandler
                0x08000800                DMA1_Channel6_IRQHandler
                0x08000800                TIM3_IRQHandler
                0x08000800                RCC_IRQHandler
                0x08000800                TIM1_TRG_COM_IRQHandler
                0x08000800                DMA1_Channel1_IRQHandler
                0x08000800                Default_Handler
                0x08000800                EXTI15_10_IRQHandler
                0x08000800                EXTI9_5_IRQHandler
                0x08000800                SPI2_IRQHandler
                0x08000800                DMA1_Channel5_IRQHandler
                0x08000800                EXTI4_IRQHandler
                0x08000800                USB_LP_CAN1_RX0_IRQHandler
                0x08000800                USB_HP_CAN1_TX_IRQHandler
                0x08000800                DMA1_Channel3_IRQHandler
                0x08000800                TIM1_UP_IRQHandler
                0x08000800                WWDG_IRQHandler
                0x08000800                TIM2_IRQHandler
                0x08000800                TIM1_BRK_IRQHandler
                0x08000800                EXTI1_IRQHandler
                0x08000800                USART2_IRQHandler
                0x08000800                I2C2_ER_IRQHandler
                0x08000800                DMA1_Channel2_IRQHandler
                0x08000800                CAN1_SCE_IRQHandler
                0x08000800                FLASH_IRQHandler
                0x08000800                USART1_IRQHandler
                0x08000800                I2C1_ER_IRQHandler
                0x08000800                USBWakeUp_IRQHandler
 *fill*         0x08000802        0x2 
 .text.HAL_Init
                0x08000804       0x2c Drivers/STM32F1xx_HAL_Driver/Src/stm32f1xx_hal.o
                0x08000804                HAL_Init
 .text.HAL_InitTick
                0x08000830       0x60 Drivers/STM32F1xx_HAL_Driver/Src/stm32f1xx_hal.o
                0x08000830                HAL_InitTick
 .text.HAL_IncTick
                0x08000890       0x24 Drivers/STM32F1xx_HAL_Driver/Src/stm32f1xx_hal.o
                0x08000890                HAL_IncTick
 .text.HAL_GetTick
                0x080008b4       0x14 Drivers/STM32F1xx_HAL_Driver/Src/stm32f1xx_hal.o
                0x080008b4                HAL_GetTick
 .text.HAL_ADC_Init
                0x080008c8      0x1b0 Drivers/STM32F1xx_HAL_Driver/Src/stm32f1xx_hal_adc.o
                0x080008c8                HAL_ADC_Init
 .text.HAL_ADC_Start
                0x08000a78      0x15c Drivers/STM32F1xx_HAL_Driver/Src/stm32f1xx_hal_adc.o
                0x08000a78                HAL_ADC_Start
 .text.HAL_ADC_PollForConversion
                0x08000bd4      0x20c Drivers/STM32F1xx_HAL_Driver/Src/stm32f1xx_hal_adc.o
                0x08000bd4                HAL_ADC_PollForConversion
 .text.HAL_ADC_GetValue
                0x08000de0       0x18 Drivers/STM32F1xx_HAL_Driver/Src/stm32f1xx_hal_adc.o
                0x08000de0                HAL_ADC_GetValue
 .text.HAL_ADC_ConfigChannel
                0x08000df8      0x1f0 Drivers/STM32F1xx_HAL_Driver/Src/stm32f1xx_hal_adc.o
                0x08000df8                HAL_ADC_ConfigChannel
 .text.ADC_Enable
                0x08000fe8       0xb4 Drivers/STM32F1xx_HAL_Driver/Src/stm32f1xx_hal_adc.o
                0x08000fe8                ADC_Enable
 .text.ADC_ConversionStop_Disable
                0x0800109c       0x82 Drivers/STM32F1xx_HAL_Driver/Src/stm32f1xx_hal_adc.o
                0x0800109c                ADC_ConversionStop_Disable
 *fill*         0x0800111e        0x2 
 .text.__NVIC_SetPriorityGrouping
                0x08001120       0x48 Drivers/STM32F1xx_HAL_Driver/Src/stm32f1xx_hal_cortex.o
 .text.__NVIC_GetPriorityGrouping
                0x08001168       0x1c Drivers/STM32F1xx_HAL_Driver/Src/stm32f1xx_hal_cortex.o
 .text.__NVIC_SetPriority
                0x08001184       0x54 Drivers/STM32F1xx_HAL_Driver/Src/stm32f1xx_hal_cortex.o
 .text.NVIC_EncodePriority
                0x080011d8       0x64 Drivers/STM32F1xx_HAL_Driver/Src/stm32f1xx_hal_cortex.o
 .text.SysTick_Config
                0x0800123c       0x44 Drivers/STM32F1xx_HAL_Driver/Src/stm32f1xx_hal_cortex.o
 .text.HAL_NVIC_SetPriorityGrouping
                0x08001280       0x16 Drivers/STM32F1xx_HAL_Driver/Src/stm32f1xx_hal_cortex.o
                0x08001280                HAL_NVIC_SetPriorityGrouping
 .text.HAL_NVIC_SetPriority
                0x08001296       0x38 Drivers/STM32F1xx_HAL_Driver/Src/stm32f1xx_hal_cortex.o
                0x08001296                HAL_NVIC_SetPriority
 .text.HAL_SYSTICK_Config
                0x080012ce       0x18 Drivers/STM32F1xx_HAL_Driver/Src/stm32f1xx_hal_cortex.o
                0x080012ce                HAL_SYSTICK_Config
 *fill*         0x080012e6        0x2 
 .text.HAL_GPIO_Init
                0x080012e8      0x308 Drivers/STM32F1xx_HAL_Driver/Src/stm32f1xx_hal_gpio.o
                0x080012e8                HAL_GPIO_Init
 .text.HAL_GPIO_ReadPin
                0x080015f0       0x2e Drivers/STM32F1xx_HAL_Driver/Src/stm32f1xx_hal_gpio.o
                0x080015f0                HAL_GPIO_ReadPin
 .text.HAL_GPIO_WritePin
                0x0800161e       0x30 Drivers/STM32F1xx_HAL_Driver/Src/stm32f1xx_hal_gpio.o
                0x0800161e                HAL_GPIO_WritePin
 *fill*         0x0800164e        0x2 
 .text.HAL_RCC_OscConfig
                0x08001650      0x504 Drivers/STM32F1xx_HAL_Driver/Src/stm32f1xx_hal_rcc.o
                0x08001650                HAL_RCC_OscConfig
 .text.HAL_RCC_ClockConfig
                0x08001b54      0x1d4 Drivers/STM32F1xx_HAL_Driver/Src/stm32f1xx_hal_rcc.o
                0x08001b54                HAL_RCC_ClockConfig
 .text.HAL_RCC_GetSysClockFreq
                0x08001d28       0xa8 Drivers/STM32F1xx_HAL_Driver/Src/stm32f1xx_hal_rcc.o
                0x08001d28                HAL_RCC_GetSysClockFreq
 .text.HAL_RCC_GetHCLKFreq
                0x08001dd0       0x14 Drivers/STM32F1xx_HAL_Driver/Src/stm32f1xx_hal_rcc.o
                0x08001dd0                HAL_RCC_GetHCLKFreq
 .text.HAL_RCC_GetPCLK2Freq
                0x08001de4       0x28 Drivers/STM32F1xx_HAL_Driver/Src/stm32f1xx_hal_rcc.o
                0x08001de4                HAL_RCC_GetPCLK2Freq
 .text.RCC_Delay
                0x08001e0c       0x3c Drivers/STM32F1xx_HAL_Driver/Src/stm32f1xx_hal_rcc.o
 .text.HAL_RCCEx_PeriphCLKConfig
                0x08001e48      0x16c Drivers/STM32F1xx_HAL_Driver/Src/stm32f1xx_hal_rcc_ex.o
                0x08001e48                HAL_RCCEx_PeriphCLKConfig
 .text.HAL_RCCEx_GetPeriphCLKFreq
                0x08001fb4      0x16c Drivers/STM32F1xx_HAL_Driver/Src/stm32f1xx_hal_rcc_ex.o
                0x08001fb4                HAL_RCCEx_GetPeriphCLKFreq
 .text.HAL_TIM_Base_Init
                0x08002120       0x9e Drivers/STM32F1xx_HAL_Driver/Src/stm32f1xx_hal_tim.o
                0x08002120                HAL_TIM_Base_Init
 .text.HAL_TIM_PWM_Init
                0x080021be       0x9e Drivers/STM32F1xx_HAL_Driver/Src/stm32f1xx_hal_tim.o
                0x080021be                HAL_TIM_PWM_Init
 .text.HAL_TIM_PWM_MspInit
                0x0800225c       0x12 Drivers/STM32F1xx_HAL_Driver/Src/stm32f1xx_hal_tim.o
                0x0800225c                HAL_TIM_PWM_MspInit
 *fill*         0x0800226e        0x2 
 .text.HAL_TIM_PWM_Start
                0x08002270      0x144 Drivers/STM32F1xx_HAL_Driver/Src/stm32f1xx_hal_tim.o
                0x08002270                HAL_TIM_PWM_Start
 .text.HAL_TIM_PWM_ConfigChannel
                0x080023b4      0x184 Drivers/STM32F1xx_HAL_Driver/Src/stm32f1xx_hal_tim.o
                0x080023b4                HAL_TIM_PWM_ConfigChannel
 .text.HAL_TIM_ConfigClockSource
                0x08002538      0x18e Drivers/STM32F1xx_HAL_Driver/Src/stm32f1xx_hal_tim.o
                0x08002538                HAL_TIM_ConfigClockSource
 *fill*         0x080026c6        0x2 
 .text.TIM_Base_SetConfig
                0x080026c8       0xdc Drivers/STM32F1xx_HAL_Driver/Src/stm32f1xx_hal_tim.o
                0x080026c8                TIM_Base_SetConfig
 .text.TIM_OC1_SetConfig
                0x080027a4       0xcc Drivers/STM32F1xx_HAL_Driver/Src/stm32f1xx_hal_tim.o
 .text.TIM_OC2_SetConfig
                0x08002870       0xd4 Drivers/STM32F1xx_HAL_Driver/Src/stm32f1xx_hal_tim.o
                0x08002870                TIM_OC2_SetConfig
 .text.TIM_OC3_SetConfig
                0x08002944       0xd4 Drivers/STM32F1xx_HAL_Driver/Src/stm32f1xx_hal_tim.o
 .text.TIM_OC4_SetConfig
                0x08002a18       0x9c Drivers/STM32F1xx_HAL_Driver/Src/stm32f1xx_hal_tim.o
 .text.TIM_TI1_ConfigInputStage
                0x08002ab4       0x5c Drivers/STM32F1xx_HAL_Driver/Src/stm32f1xx_hal_tim.o
 .text.TIM_TI2_ConfigInputStage
                0x08002b10       0x5e Drivers/STM32F1xx_HAL_Driver/Src/stm32f1xx_hal_tim.o
 .text.TIM_ITRx_SetConfig
                0x08002b6e       0x34 Drivers/STM32F1xx_HAL_Driver/Src/stm32f1xx_hal_tim.o
 .text.TIM_ETR_SetConfig
                0x08002ba2       0x3e Drivers/STM32F1xx_HAL_Driver/Src/stm32f1xx_hal_tim.o
                0x08002ba2                TIM_ETR_SetConfig
 .text.TIM_CCxChannelCmd
                0x08002be0       0x48 Drivers/STM32F1xx_HAL_Driver/Src/stm32f1xx_hal_tim.o
                0x08002be0                TIM_CCxChannelCmd
 .text.HAL_TIMEx_MasterConfigSynchronization
                0x08002c28       0xbc Drivers/STM32F1xx_HAL_Driver/Src/stm32f1xx_hal_tim_ex.o
                0x08002c28                HAL_TIMEx_MasterConfigSynchronization
 .text.__libc_init_array
                0x08002ce4       0x48 c:/program files (x86)/gnu arm embedded toolchain/10 2021.10/bin/../lib/gcc/arm-none-eabi/10.3.1/../../../../arm-none-eabi/lib/thumb/v7-m/nofp\libc_nano.a(lib_a-init.o)
                0x08002ce4                __libc_init_array
 .text.memset   0x08002d2c       0x10 c:/program files (x86)/gnu arm embedded toolchain/10 2021.10/bin/../lib/gcc/arm-none-eabi/10.3.1/../../../../arm-none-eabi/lib/thumb/v7-m/nofp\libc_nano.a(lib_a-memset.o)
                0x08002d2c                memset
 *(.glue_7)
 .glue_7        0x08002d3c        0x0 linker stubs
 *(.glue_7t)
 .glue_7t       0x08002d3c        0x0 linker stubs
 *(.eh_frame)
 .eh_frame      0x08002d3c        0x0 c:/program files (x86)/gnu arm embedded toolchain/10 2021.10/bin/../lib/gcc/arm-none-eabi/10.3.1/thumb/v7-m/nofp/crtbegin.o
 *(.init)
 .init          0x08002d3c        0x4 c:/program files (x86)/gnu arm embedded toolchain/10 2021.10/bin/../lib/gcc/arm-none-eabi/10.3.1/thumb/v7-m/nofp/crti.o
                0x08002d3c                _init
 .init          0x08002d40        0x8 c:/program files (x86)/gnu arm embedded toolchain/10 2021.10/bin/../lib/gcc/arm-none-eabi/10.3.1/thumb/v7-m/nofp/crtn.o
 *(.fini)
 .fini          0x08002d48        0x4 c:/program files (x86)/gnu arm embedded toolchain/10 2021.10/bin/../lib/gcc/arm-none-eabi/10.3.1/thumb/v7-m/nofp/crti.o
                0x08002d48                _fini
 .fini          0x08002d4c        0x8 c:/program files (x86)/gnu arm embedded toolchain/10 2021.10/bin/../lib/gcc/arm-none-eabi/10.3.1/thumb/v7-m/nofp/crtn.o
                0x08002d54                . = ALIGN (0x4)
                0x08002d54                _etext = .

.vfp11_veneer   0x08002d54        0x0
 .vfp11_veneer  0x08002d54        0x0 linker stubs

.v4_bx          0x08002d54        0x0
 .v4_bx         0x08002d54        0x0 linker stubs

.iplt           0x08002d54        0x0
 .iplt          0x08002d54        0x0 c:/program files (x86)/gnu arm embedded toolchain/10 2021.10/bin/../lib/gcc/arm-none-eabi/10.3.1/thumb/v7-m/nofp/crtbegin.o

.rodata         0x08002d54       0x40
                0x08002d54                . = ALIGN (0x4)
 *(.rodata)
 *(.rodata*)
 .rodata.AHBPrescTable
                0x08002d54       0x10 Core/Src/system_stm32f1xx.o
                0x08002d54                AHBPrescTable
 .rodata.APBPrescTable
                0x08002d64        0x8 Core/Src/system_stm32f1xx.o
                0x08002d64                APBPrescTable
 .rodata.aPLLMULFactorTable.1
                0x08002d6c       0x10 Drivers/STM32F1xx_HAL_Driver/Src/stm32f1xx_hal_rcc.o
 .rodata.aPredivFactorTable.0
                0x08002d7c        0x2 Drivers/STM32F1xx_HAL_Driver/Src/stm32f1xx_hal_rcc.o
 *fill*         0x08002d7e        0x2 
 .rodata.aPLLMULFactorTable.1
                0x08002d80       0x10 Drivers/STM32F1xx_HAL_Driver/Src/stm32f1xx_hal_rcc_ex.o
 .rodata.aPredivFactorTable.0
                0x08002d90        0x2 Drivers/STM32F1xx_HAL_Driver/Src/stm32f1xx_hal_rcc_ex.o
                0x08002d94                . = ALIGN (0x4)
 *fill*         0x08002d92        0x2 

.rel.dyn        0x08002d94        0x0
 .rel.iplt      0x08002d94        0x0 c:/program files (x86)/gnu arm embedded toolchain/10 2021.10/bin/../lib/gcc/arm-none-eabi/10.3.1/thumb/v7-m/nofp/crtbegin.o

.ARM.extab      0x08002d94        0x0
                0x08002d94                . = ALIGN (0x4)
 *(.ARM.extab* .gnu.linkonce.armextab.*)
                0x08002d94                . = ALIGN (0x4)

.ARM            0x08002d94        0x0
                0x08002d94                . = ALIGN (0x4)
                0x08002d94                __exidx_start = .
 *(.ARM.exidx*)
                0x08002d94                __exidx_end = .
                0x08002d94                . = ALIGN (0x4)

.preinit_array  0x08002d94        0x0
                0x08002d94                . = ALIGN (0x4)
                0x08002d94                PROVIDE (__preinit_array_start = .)
 *(.preinit_array*)
                0x08002d94                PROVIDE (__preinit_array_end = .)
                0x08002d94                . = ALIGN (0x4)

.init_array     0x08002d94        0x4
                0x08002d94                . = ALIGN (0x4)
                0x08002d94                PROVIDE (__init_array_start = .)
 *(SORT_BY_NAME(.init_array.*))
 *(.init_array*)
 .init_array    0x08002d94        0x4 c:/program files (x86)/gnu arm embedded toolchain/10 2021.10/bin/../lib/gcc/arm-none-eabi/10.3.1/thumb/v7-m/nofp/crtbegin.o
                0x08002d98                PROVIDE (__init_array_end = .)
                0x08002d98                . = ALIGN (0x4)

.fini_array     0x08002d98        0x4
                0x08002d98                . = ALIGN (0x4)
                [!provide]                PROVIDE (__fini_array_start = .)
 *(SORT_BY_NAME(.fini_array.*))
 *(.fini_array*)
 .fini_array    0x08002d98        0x4 c:/program files (x86)/gnu arm embedded toolchain/10 2021.10/bin/../lib/gcc/arm-none-eabi/10.3.1/thumb/v7-m/nofp/crtbegin.o
                [!provide]                PROVIDE (__fini_array_end = .)
                0x08002d9c                . = ALIGN (0x4)
                0x08002d9c                _sidata = LOADADDR (.data)

.data           0x20000000        0xc load address 0x08002d9c
                0x20000000                . = ALIGN (0x4)
                0x20000000                _sdata = .
 *(.data)
 *(.data*)
 .data.SystemCoreClock
                0x20000000        0x4 Core/Src/system_stm32f1xx.o
                0x20000000                SystemCoreClock
 .data.uwTickPrio
                0x20000004        0x4 Drivers/STM32F1xx_HAL_Driver/Src/stm32f1xx_hal.o
                0x20000004                uwTickPrio
 .data.uwTickFreq
                0x20000008        0x1 Drivers/STM32F1xx_HAL_Driver/Src/stm32f1xx_hal.o
                0x20000008                uwTickFreq
 *(.RamFunc)
 *(.RamFunc*)
                0x2000000c                . = ALIGN (0x4)
 *fill*         0x20000009        0x3 
                0x2000000c                _edata = .

.igot.plt       0x2000000c        0x0 load address 0x08002da8
 .igot.plt      0x2000000c        0x0 c:/program files (x86)/gnu arm embedded toolchain/10 2021.10/bin/../lib/gcc/arm-none-eabi/10.3.1/thumb/v7-m/nofp/crtbegin.o
                0x2000000c                . = ALIGN (0x4)

.bss            0x2000000c       0x9c load address 0x08002da8
                0x2000000c                _sbss = .
                0x2000000c                __bss_start__ = _sbss
 *(.bss)
 .bss           0x2000000c       0x1c c:/program files (x86)/gnu arm embedded toolchain/10 2021.10/bin/../lib/gcc/arm-none-eabi/10.3.1/thumb/v7-m/nofp/crtbegin.o
 *(.bss*)
 .bss.hadc1     0x20000028       0x30 Core/Src/main.o
                0x20000028                hadc1
 .bss.htim2     0x20000058       0x48 Core/Src/main.o
                0x20000058                htim2
 .bss.ADC_Value
                0x200000a0        0x4 Core/Src/main.o
                0x200000a0                ADC_Value
 .bss.uwTick    0x200000a4        0x4 Drivers/STM32F1xx_HAL_Driver/Src/stm32f1xx_hal.o
                0x200000a4                uwTick
 *(COMMON)
                0x200000a8                . = ALIGN (0x4)
                0x200000a8                _ebss = .
                0x200000a8                __bss_end__ = _ebss

._user_heap_stack
                0x200000a8      0x600 load address 0x08002da8
                0x200000a8                . = ALIGN (0x8)
                [!provide]                PROVIDE (end = .)
                0x200000a8                PROVIDE (_end = .)
                0x200002a8                . = (. + _Min_Heap_Size)
 *fill*         0x200000a8      0x200 
                0x200006a8                . = (. + _Min_Stack_Size)
 *fill*         0x200002a8      0x400 
                0x200006a8                . = ALIGN (0x8)

/DISCARD/
 libc.a(*)
 libm.a(*)
 libgcc.a(*)

.ARM.attributes
                0x00000000       0x29
 *(.ARM.attributes)
 .ARM.attributes
                0x00000000       0x1d c:/program files (x86)/gnu arm embedded toolchain/10 2021.10/bin/../lib/gcc/arm-none-eabi/10.3.1/thumb/v7-m/nofp/crti.o
 .ARM.attributes
                0x0000001d       0x2d c:/program files (x86)/gnu arm embedded toolchain/10 2021.10/bin/../lib/gcc/arm-none-eabi/10.3.1/thumb/v7-m/nofp/crtbegin.o
 .ARM.attributes
                0x0000004a       0x2d Core/Src/main.o
 .ARM.attributes
                0x00000077       0x2d Core/Src/stm32f1xx_hal_msp.o
 .ARM.attributes
                0x000000a4       0x2d Core/Src/stm32f1xx_it.o
 .ARM.attributes
                0x000000d1       0x2d Core/Src/system_stm32f1xx.o
 .ARM.attributes
                0x000000fe       0x21 Core/Startup/startup_stm32f103c8tx.o
 .ARM.attributes
                0x0000011f       0x2d Drivers/STM32F1xx_HAL_Driver/Src/stm32f1xx_hal.o
 .ARM.attributes
                0x0000014c       0x2d Drivers/STM32F1xx_HAL_Driver/Src/stm32f1xx_hal_adc.o
 .ARM.attributes
                0x00000179       0x2d Drivers/STM32F1xx_HAL_Driver/Src/stm32f1xx_hal_cortex.o
 .ARM.attributes
                0x000001a6       0x2d Drivers/STM32F1xx_HAL_Driver/Src/stm32f1xx_hal_gpio.o
 .ARM.attributes
                0x000001d3       0x2d Drivers/STM32F1xx_HAL_Driver/Src/stm32f1xx_hal_rcc.o
 .ARM.attributes
                0x00000200       0x2d Drivers/STM32F1xx_HAL_Driver/Src/stm32f1xx_hal_rcc_ex.o
 .ARM.attributes
                0x0000022d       0x2d Drivers/STM32F1xx_HAL_Driver/Src/stm32f1xx_hal_tim.o
 .ARM.attributes
                0x0000025a       0x2d Drivers/STM32F1xx_HAL_Driver/Src/stm32f1xx_hal_tim_ex.o
 .ARM.attributes
                0x00000287       0x2d c:/program files (x86)/gnu arm embedded toolchain/10 2021.10/bin/../lib/gcc/arm-none-eabi/10.3.1/../../../../arm-none-eabi/lib/thumb/v7-m/nofp\libc_nano.a(lib_a-init.o)
 .ARM.attributes
                0x000002b4       0x2d c:/program files (x86)/gnu arm embedded toolchain/10 2021.10/bin/../lib/gcc/arm-none-eabi/10.3.1/../../../../arm-none-eabi/lib/thumb/v7-m/nofp\libc_nano.a(lib_a-memset.o)
 .ARM.attributes
                0x000002e1       0x1d c:/program files (x86)/gnu arm embedded toolchain/10 2021.10/bin/../lib/gcc/arm-none-eabi/10.3.1/thumb/v7-m/nofp/crtn.o
OUTPUT(CURT_Learrning_STM_Project.elf elf32-littlearm)
LOAD linker stubs
LOAD c:/program files (x86)/gnu arm embedded toolchain/10 2021.10/bin/../lib/gcc/arm-none-eabi/10.3.1/../../../../arm-none-eabi/lib/thumb/v7-m/nofp\libc.a
LOAD c:/program files (x86)/gnu arm embedded toolchain/10 2021.10/bin/../lib/gcc/arm-none-eabi/10.3.1/../../../../arm-none-eabi/lib/thumb/v7-m/nofp\libm.a
LOAD c:/program files (x86)/gnu arm embedded toolchain/10 2021.10/bin/../lib/gcc/arm-none-eabi/10.3.1/thumb/v7-m/nofp\libgcc.a

.debug_info     0x00000000     0x8dfe
 .debug_info    0x00000000      0xe45 Core/Src/main.o
 .debug_info    0x00000e45      0xbf0 Core/Src/stm32f1xx_hal_msp.o
 .debug_info    0x00001a35      0x107 Core/Src/stm32f1xx_it.o
 .debug_info    0x00001b3c      0x23d Core/Src/system_stm32f1xx.o
 .debug_info    0x00001d79       0x22 Core/Startup/startup_stm32f103c8tx.o
 .debug_info    0x00001d9b      0x6e1 Drivers/STM32F1xx_HAL_Driver/Src/stm32f1xx_hal.o
 .debug_info    0x0000247c      0xc8a Drivers/STM32F1xx_HAL_Driver/Src/stm32f1xx_hal_adc.o
 .debug_info    0x00003106      0xb20 Drivers/STM32F1xx_HAL_Driver/Src/stm32f1xx_hal_cortex.o
 .debug_info    0x00003c26      0x615 Drivers/STM32F1xx_HAL_Driver/Src/stm32f1xx_hal_gpio.o
 .debug_info    0x0000423b      0x81e Drivers/STM32F1xx_HAL_Driver/Src/stm32f1xx_hal_rcc.o
 .debug_info    0x00004a59      0x3cc Drivers/STM32F1xx_HAL_Driver/Src/stm32f1xx_hal_rcc_ex.o
 .debug_info    0x00004e25     0x2b46 Drivers/STM32F1xx_HAL_Driver/Src/stm32f1xx_hal_tim.o
 .debug_info    0x0000796b     0x1493 Drivers/STM32F1xx_HAL_Driver/Src/stm32f1xx_hal_tim_ex.o

.debug_abbrev   0x00000000     0x160c
 .debug_abbrev  0x00000000      0x246 Core/Src/main.o
 .debug_abbrev  0x00000246      0x1ae Core/Src/stm32f1xx_hal_msp.o
 .debug_abbrev  0x000003f4       0x47 Core/Src/stm32f1xx_it.o
 .debug_abbrev  0x0000043b      0x13b Core/Src/system_stm32f1xx.o
 .debug_abbrev  0x00000576       0x12 Core/Startup/startup_stm32f103c8tx.o
 .debug_abbrev  0x00000588      0x1c8 Drivers/STM32F1xx_HAL_Driver/Src/stm32f1xx_hal.o
 .debug_abbrev  0x00000750      0x1cf Drivers/STM32F1xx_HAL_Driver/Src/stm32f1xx_hal_adc.o
 .debug_abbrev  0x0000091f      0x2ed Drivers/STM32F1xx_HAL_Driver/Src/stm32f1xx_hal_cortex.o
 .debug_abbrev  0x00000c0c      0x1bb Drivers/STM32F1xx_HAL_Driver/Src/stm32f1xx_hal_gpio.o
 .debug_abbrev  0x00000dc7      0x260 Drivers/STM32F1xx_HAL_Driver/Src/stm32f1xx_hal_rcc.o
 .debug_abbrev  0x00001027      0x16d Drivers/STM32F1xx_HAL_Driver/Src/stm32f1xx_hal_rcc_ex.o
 .debug_abbrev  0x00001194      0x238 Drivers/STM32F1xx_HAL_Driver/Src/stm32f1xx_hal_tim.o
 .debug_abbrev  0x000013cc      0x240 Drivers/STM32F1xx_HAL_Driver/Src/stm32f1xx_hal_tim_ex.o

.debug_aranges  0x00000000      0xa60
 .debug_aranges
                0x00000000       0x50 Core/Src/main.o
 .debug_aranges
                0x00000050       0x48 Core/Src/stm32f1xx_hal_msp.o
 .debug_aranges
                0x00000098       0x58 Core/Src/stm32f1xx_it.o
 .debug_aranges
                0x000000f0       0x28 Core/Src/system_stm32f1xx.o
 .debug_aranges
                0x00000118       0x28 Core/Startup/startup_stm32f103c8tx.o
 .debug_aranges
                0x00000140       0xe0 Drivers/STM32F1xx_HAL_Driver/Src/stm32f1xx_hal.o
 .debug_aranges
                0x00000220       0xf0 Drivers/STM32F1xx_HAL_Driver/Src/stm32f1xx_hal_adc.o
 .debug_aranges
                0x00000310      0x100 Drivers/STM32F1xx_HAL_Driver/Src/stm32f1xx_hal_cortex.o
 .debug_aranges
                0x00000410       0x58 Drivers/STM32F1xx_HAL_Driver/Src/stm32f1xx_hal_gpio.o
 .debug_aranges
                0x00000468       0x90 Drivers/STM32F1xx_HAL_Driver/Src/stm32f1xx_hal_rcc.o
 .debug_aranges
                0x000004f8       0x30 Drivers/STM32F1xx_HAL_Driver/Src/stm32f1xx_hal_rcc_ex.o
 .debug_aranges
                0x00000528      0x3d0 Drivers/STM32F1xx_HAL_Driver/Src/stm32f1xx_hal_tim.o
 .debug_aranges
                0x000008f8      0x168 Drivers/STM32F1xx_HAL_Driver/Src/stm32f1xx_hal_tim_ex.o

.debug_ranges   0x00000000      0x998
 .debug_ranges  0x00000000       0x40 Core/Src/main.o
 .debug_ranges  0x00000040       0x38 Core/Src/stm32f1xx_hal_msp.o
 .debug_ranges  0x00000078       0x48 Core/Src/stm32f1xx_it.o
 .debug_ranges  0x000000c0       0x18 Core/Src/system_stm32f1xx.o
 .debug_ranges  0x000000d8       0x20 Core/Startup/startup_stm32f103c8tx.o
 .debug_ranges  0x000000f8       0xd0 Drivers/STM32F1xx_HAL_Driver/Src/stm32f1xx_hal.o
 .debug_ranges  0x000001c8       0xe0 Drivers/STM32F1xx_HAL_Driver/Src/stm32f1xx_hal_adc.o
 .debug_ranges  0x000002a8       0xf0 Drivers/STM32F1xx_HAL_Driver/Src/stm32f1xx_hal_cortex.o
 .debug_ranges  0x00000398       0x48 Drivers/STM32F1xx_HAL_Driver/Src/stm32f1xx_hal_gpio.o
 .debug_ranges  0x000003e0       0x80 Drivers/STM32F1xx_HAL_Driver/Src/stm32f1xx_hal_rcc.o
 .debug_ranges  0x00000460       0x20 Drivers/STM32F1xx_HAL_Driver/Src/stm32f1xx_hal_rcc_ex.o
 .debug_ranges  0x00000480      0x3c0 Drivers/STM32F1xx_HAL_Driver/Src/stm32f1xx_hal_tim.o
 .debug_ranges  0x00000840      0x158 Drivers/STM32F1xx_HAL_Driver/Src/stm32f1xx_hal_tim_ex.o

.debug_macro    0x00000000    0x1705d
 .debug_macro   0x00000000      0x1bc Core/Src/main.o
 .debug_macro   0x000001bc      0xa6c Core/Src/main.o
 .debug_macro   0x00000c28      0x21b Core/Src/main.o
 .debug_macro   0x00000e43       0x2e Core/Src/main.o
 .debug_macro   0x00000e71       0x22 Core/Src/main.o
 .debug_macro   0x00000e93       0x22 Core/Src/main.o
 .debug_macro   0x00000eb5       0x8e Core/Src/main.o
 .debug_macro   0x00000f43       0x51 Core/Src/main.o
 .debug_macro   0x00000f94      0x103 Core/Src/main.o
 .debug_macro   0x00001097       0x6a Core/Src/main.o
 .debug_macro   0x00001101      0x1df Core/Src/main.o
 .debug_macro   0x000012e0       0x1c Core/Src/main.o
 .debug_macro   0x000012fc       0x22 Core/Src/main.o
 .debug_macro   0x0000131e       0xbd Core/Src/main.o
 .debug_macro   0x000013db      0xd23 Core/Src/main.o
 .debug_macro   0x000020fe     0xe09e Core/Src/main.o
 .debug_macro   0x0001019c       0x6d Core/Src/main.o
 .debug_macro   0x00010209     0x34a2 Core/Src/main.o
 .debug_macro   0x000136ab      0x174 Core/Src/main.o
 .debug_macro   0x0001381f       0x5c Core/Src/main.o
 .debug_macro   0x0001387b      0x5bc Core/Src/main.o
 .debug_macro   0x00013e37      0x289 Core/Src/main.o
 .debug_macro   0x000140c0      0x1cb Core/Src/main.o
 .debug_macro   0x0001428b      0x114 Core/Src/main.o
 .debug_macro   0x0001439f      0x1b2 Core/Src/main.o
 .debug_macro   0x00014551       0x27 Core/Src/main.o
 .debug_macro   0x00014578      0x136 Core/Src/main.o
 .debug_macro   0x000146ae      0x1bc Core/Src/main.o
 .debug_macro   0x0001486a       0x34 Core/Src/main.o
 .debug_macro   0x0001489e       0x3c Core/Src/main.o
 .debug_macro   0x000148da       0x57 Core/Src/main.o
 .debug_macro   0x00014931      0x46a Core/Src/main.o
 .debug_macro   0x00014d9b      0x1b5 Core/Src/main.o
 .debug_macro   0x00014f50       0x87 Core/Src/main.o
 .debug_macro   0x00014fd7      0x240 Core/Src/main.o
 .debug_macro   0x00015217      0x140 Core/Src/main.o
 .debug_macro   0x00015357      0x8ed Core/Src/main.o
 .debug_macro   0x00015c44       0x83 Core/Src/main.o
 .debug_macro   0x00015cc7       0x40 Core/Src/main.o
 .debug_macro   0x00015d07      0x1bc Core/Src/stm32f1xx_hal_msp.o
 .debug_macro   0x00015ec3      0x1c6 Core/Src/stm32f1xx_it.o
 .debug_macro   0x00016089      0x1ad Core/Src/system_stm32f1xx.o
 .debug_macro   0x00016236      0x1d1 Drivers/STM32F1xx_HAL_Driver/Src/stm32f1xx_hal.o
 .debug_macro   0x00016407      0x1ca Drivers/STM32F1xx_HAL_Driver/Src/stm32f1xx_hal_adc.o
 .debug_macro   0x000165d1      0x1ad Drivers/STM32F1xx_HAL_Driver/Src/stm32f1xx_hal_cortex.o
 .debug_macro   0x0001677e      0x218 Drivers/STM32F1xx_HAL_Driver/Src/stm32f1xx_hal_gpio.o
 .debug_macro   0x00016996      0x1bf Drivers/STM32F1xx_HAL_Driver/Src/stm32f1xx_hal_rcc.o
 .debug_macro   0x00016b55      0x1ad Drivers/STM32F1xx_HAL_Driver/Src/stm32f1xx_hal_rcc_ex.o
 .debug_macro   0x00016d02      0x1ae Drivers/STM32F1xx_HAL_Driver/Src/stm32f1xx_hal_tim.o
 .debug_macro   0x00016eb0      0x1ad Drivers/STM32F1xx_HAL_Driver/Src/stm32f1xx_hal_tim_ex.o

.debug_line     0x00000000     0x9def
 .debug_line    0x00000000      0x74b Core/Src/main.o
 .debug_line    0x0000074b      0x5d3 Core/Src/stm32f1xx_hal_msp.o
 .debug_line    0x00000d1e      0x5d1 Core/Src/stm32f1xx_it.o
 .debug_line    0x000012ef      0x5a5 Core/Src/system_stm32f1xx.o
 .debug_line    0x00001894       0x86 Core/Startup/startup_stm32f103c8tx.o
 .debug_line    0x0000191a      0x7d2 Drivers/STM32F1xx_HAL_Driver/Src/stm32f1xx_hal.o
 .debug_line    0x000020ec      0xe57 Drivers/STM32F1xx_HAL_Driver/Src/stm32f1xx_hal_adc.o
 .debug_line    0x00002f43      0x9ba Drivers/STM32F1xx_HAL_Driver/Src/stm32f1xx_hal_cortex.o
 .debug_line    0x000038fd      0x86b Drivers/STM32F1xx_HAL_Driver/Src/stm32f1xx_hal_gpio.o
 .debug_line    0x00004168      0xbde Drivers/STM32F1xx_HAL_Driver/Src/stm32f1xx_hal_rcc.o
 .debug_line    0x00004d46      0x719 Drivers/STM32F1xx_HAL_Driver/Src/stm32f1xx_hal_rcc_ex.o
 .debug_line    0x0000545f     0x3278 Drivers/STM32F1xx_HAL_Driver/Src/stm32f1xx_hal_tim.o
 .debug_line    0x000086d7     0x1718 Drivers/STM32F1xx_HAL_Driver/Src/stm32f1xx_hal_tim_ex.o

.debug_str      0x00000000    0x890f8
 .debug_str     0x00000000    0x869be Core/Src/main.o
                              0x86dcc (size before relaxing)
 .debug_str     0x000869be       0xd0 Core/Src/stm32f1xx_hal_msp.o
                              0x86afe (size before relaxing)
 .debug_str     0x00086a8e       0xad Core/Src/stm32f1xx_it.o
                              0x86449 (size before relaxing)
 .debug_str     0x00086b3b       0x88 Core/Src/system_stm32f1xx.o
                              0x86393 (size before relaxing)
 .debug_str     0x00086bc3       0x36 Core/Startup/startup_stm32f103c8tx.o
                                 0x91 (size before relaxing)
 .debug_str     0x00086bf9      0x5e2 Drivers/STM32F1xx_HAL_Driver/Src/stm32f1xx_hal.o
                              0x86a77 (size before relaxing)
 .debug_str     0x000871db      0x366 Drivers/STM32F1xx_HAL_Driver/Src/stm32f1xx_hal_adc.o
                              0x86a0e (size before relaxing)
 .debug_str     0x00087541      0x30a Drivers/STM32F1xx_HAL_Driver/Src/stm32f1xx_hal_cortex.o
                              0x86a12 (size before relaxing)
 .debug_str     0x0008784b      0x324 Drivers/STM32F1xx_HAL_Driver/Src/stm32f1xx_hal_gpio.o
                              0x86719 (size before relaxing)
 .debug_str     0x00087b6f      0x24f Drivers/STM32F1xx_HAL_Driver/Src/stm32f1xx_hal_rcc.o
                              0x8679b (size before relaxing)
 .debug_str     0x00087dbe       0xb9 Drivers/STM32F1xx_HAL_Driver/Src/stm32f1xx_hal_rcc_ex.o
                              0x864f1 (size before relaxing)
 .debug_str     0x00087e77      0xd93 Drivers/STM32F1xx_HAL_Driver/Src/stm32f1xx_hal_tim.o
                              0x8773b (size before relaxing)
 .debug_str     0x00088c0a      0x4ee Drivers/STM32F1xx_HAL_Driver/Src/stm32f1xx_hal_tim_ex.o
                              0x86edc (size before relaxing)

.comment        0x00000000       0x49
 .comment       0x00000000       0x49 Core/Src/main.o
                                 0x4a (size before relaxing)
 .comment       0x00000049       0x4a Core/Src/stm32f1xx_hal_msp.o
 .comment       0x00000049       0x4a Core/Src/stm32f1xx_it.o
 .comment       0x00000049       0x4a Core/Src/system_stm32f1xx.o
 .comment       0x00000049       0x4a Drivers/STM32F1xx_HAL_Driver/Src/stm32f1xx_hal.o
 .comment       0x00000049       0x4a Drivers/STM32F1xx_HAL_Driver/Src/stm32f1xx_hal_adc.o
 .comment       0x00000049       0x4a Drivers/STM32F1xx_HAL_Driver/Src/stm32f1xx_hal_cortex.o
 .comment       0x00000049       0x4a Drivers/STM32F1xx_HAL_Driver/Src/stm32f1xx_hal_gpio.o
 .comment       0x00000049       0x4a Drivers/STM32F1xx_HAL_Driver/Src/stm32f1xx_hal_rcc.o
 .comment       0x00000049       0x4a Drivers/STM32F1xx_HAL_Driver/Src/stm32f1xx_hal_rcc_ex.o
 .comment       0x00000049       0x4a Drivers/STM32F1xx_HAL_Driver/Src/stm32f1xx_hal_tim.o
 .comment       0x00000049       0x4a Drivers/STM32F1xx_HAL_Driver/Src/stm32f1xx_hal_tim_ex.o

.debug_frame    0x00000000     0x2aac
 .debug_frame   0x00000000       0xf0 Core/Src/main.o
 .debug_frame   0x000000f0       0xf4 Core/Src/stm32f1xx_hal_msp.o
 .debug_frame   0x000001e4       0xe8 Core/Src/stm32f1xx_it.o
 .debug_frame   0x000002cc       0x58 Core/Src/system_stm32f1xx.o
 .debug_frame   0x00000324      0x334 Drivers/STM32F1xx_HAL_Driver/Src/stm32f1xx_hal.o
 .debug_frame   0x00000658      0x40c Drivers/STM32F1xx_HAL_Driver/Src/stm32f1xx_hal_adc.o
 .debug_frame   0x00000a64      0x428 Drivers/STM32F1xx_HAL_Driver/Src/stm32f1xx_hal_cortex.o
 .debug_frame   0x00000e8c      0x14c Drivers/STM32F1xx_HAL_Driver/Src/stm32f1xx_hal_gpio.o
 .debug_frame   0x00000fd8      0x218 Drivers/STM32F1xx_HAL_Driver/Src/stm32f1xx_hal_rcc.o
 .debug_frame   0x000011f0       0x80 Drivers/STM32F1xx_HAL_Driver/Src/stm32f1xx_hal_rcc_ex.o
 .debug_frame   0x00001270     0x11b8 Drivers/STM32F1xx_HAL_Driver/Src/stm32f1xx_hal_tim.o
 .debug_frame   0x00002428      0x638 Drivers/STM32F1xx_HAL_Driver/Src/stm32f1xx_hal_tim_ex.o
 .debug_frame   0x00002a60       0x2c c:/program files (x86)/gnu arm embedded toolchain/10 2021.10/bin/../lib/gcc/arm-none-eabi/10.3.1/../../../../arm-none-eabi/lib/thumb/v7-m/nofp\libc_nano.a(lib_a-init.o)
 .debug_frame   0x00002a8c       0x20 c:/program files (x86)/gnu arm embedded toolchain/10 2021.10/bin/../lib/gcc/arm-none-eabi/10.3.1/../../../../arm-none-eabi/lib/thumb/v7-m/nofp\libc_nano.a(lib_a-memset.o)
